// Jest Snapshot v1, https://goo.gl/fbAQLP

exports[`controllers:list should output list of controllers 1`] = `
"│ Name                                                 │
│ plugin::content-manager.collection-types             │
│ plugin::content-manager.components                   │
│ plugin::content-manager.content-types                │
│ plugin::content-manager.init                         │
│ plugin::content-manager.relations                    │
│ plugin::content-manager.single-types                 │
│ plugin::content-manager.uid                          │
│ plugin::content-manager.preview                      │
│ plugin::content-manager.homepage                     │
│ plugin::content-type-builder.builder                 │
│ plugin::content-type-builder.component-categories    │
│ plugin::content-type-builder.components              │
│ plugin::content-type-builder.content-types           │
│ plugin::content-type-builder.schema                  │
│ plugin::email.email                                  │
│ plugin::upload.admin-file                            │
│ plugin::upload.admin-folder                          │
│ plugin::upload.admin-folder-file                     │
│ plugin::upload.admin-settings                        │
│ plugin::upload.admin-upload                          │
│ plugin::upload.content-api                           │
│ plugin::upload.view-configuration                    │
│ plugin::i18n.locales                                 │
│ plugin::i18n.iso-locales                             │
│ plugin::i18n.content-types                           │
│ plugin::i18n.settings                                │
│ plugin::i18n.ai-localization-jobs                    │
│ plugin::documentation.documentation                  │
│ plugin::users-permissions.auth                       │
│ plugin::users-permissions.user                       │
│ plugin::users-permissions.role                       │
│ plugin::users-permissions.permissions                │
│ plugin::users-permissions.settings                   │
│ plugin::users-permissions.contentmanageruser         │
│ api::article.article                                 │
│ api::author.author                                   │
│ api::category.category                               │
│ api::complex.complex                                 │
│ api::condition.condition                             │
│ api::config.config                                   │
│ api::country.country                                 │
│ api::homepage.homepage                               │
│ api::product.product                                 │
│ api::shop.shop                                       │
│ api::single-type-localized.single-type-localized     │
│ api::single-type-non-local.single-type-non-local     │
│ api::single-type-unpublished.single-type-unpublished │
│ api::team.team                                       │
│ api::unique.unique                                   │
│ api::upcoming-match.upcoming-match                   │
│ admin::admin                                         │
│ admin::api-token                                     │
│ admin::authenticated-user                            │
│ admin::authentication                                │
│ admin::permission                                    │
│ admin::role                                          │
│ admin::transfer                                      │
│ admin::user                                          │
│ admin::webhooks                                      │
│ admin::content-api                                   │
│ admin::homepage                                      │
│ admin::ai                                            │"
`;
