// Jest Snapshot v1, https://goo.gl/fbAQLP

exports[`services:list should output list of services 1`] = `
"│ Name                                                 │
│ plugin::content-manager.components                   │
│ plugin::content-manager.content-types                │
│ plugin::content-manager.data-mapper                  │
│ plugin::content-manager.document-metadata            │
│ plugin::content-manager.document-manager             │
│ plugin::content-manager.field-sizes                  │
│ plugin::content-manager.metrics                      │
│ plugin::content-manager.permission-checker           │
│ plugin::content-manager.permission                   │
│ plugin::content-manager.populate-builder             │
│ plugin::content-manager.uid                          │
│ plugin::content-manager.preview                      │
│ plugin::content-manager.preview-config               │
│ plugin::content-manager.homepage                     │
│ plugin::content-type-builder.content-types           │
│ plugin::content-type-builder.components              │
│ plugin::content-type-builder.component-categories    │
│ plugin::content-type-builder.builder                 │
│ plugin::content-type-builder.api-handler             │
│ plugin::content-type-builder.schema                  │
│ plugin::email.email                                  │
│ plugin::upload.provider                              │
│ plugin::upload.upload                                │
│ plugin::upload.folder                                │
│ plugin::upload.file                                  │
│ plugin::upload.weeklyMetrics                         │
│ plugin::upload.metrics                               │
│ plugin::upload.image-manipulation                    │
│ plugin::upload.api-upload-folder                     │
│ plugin::upload.extensions                            │
│ plugin::upload.aiMetadata                            │
│ plugin::upload.aiMetadataJobs                        │
│ plugin::i18n.permissions                             │
│ plugin::i18n.metrics                                 │
│ plugin::i18n.localizations                           │
│ plugin::i18n.locales                                 │
│ plugin::i18n.sanitize                                │
│ plugin::i18n.iso-locales                             │
│ plugin::i18n.content-types                           │
│ plugin::i18n.ai-localizations                        │
│ plugin::i18n.ai-localization-jobs                    │
│ plugin::i18n.settings                                │
│ plugin::i18n.fill-from-locale                        │
│ plugin::documentation.documentation                  │
│ plugin::documentation.override                       │
│ plugin::graphql.builders                             │
│ plugin::graphql.content-api                          │
│ plugin::graphql.constants                            │
│ plugin::graphql.extension                            │
│ plugin::graphql.format                               │
│ plugin::graphql.internals                            │
│ plugin::graphql.type-registry                        │
│ plugin::graphql.utils                                │
│ plugin::users-permissions.jwt                        │
│ plugin::users-permissions.providers                  │
│ plugin::users-permissions.providers-registry         │
│ plugin::users-permissions.role                       │
│ plugin::users-permissions.user                       │
│ plugin::users-permissions.users-permissions          │
│ plugin::users-permissions.permission                 │
│ api::article.article                                 │
│ api::author.author                                   │
│ api::category.category                               │
│ api::complex.complex                                 │
│ api::condition.condition                             │
│ api::config.config                                   │
│ api::country.country                                 │
│ api::homepage.homepage                               │
│ api::product.product                                 │
│ api::shop.shop                                       │
│ api::single-type-localized.single-type-localized     │
│ api::single-type-non-local.single-type-non-local     │
│ api::single-type-unpublished.single-type-unpublished │
│ api::team.team                                       │
│ api::unique.unique                                   │
│ api::upcoming-match.upcoming-match                   │
│ admin::auth                                          │
│ admin::user                                          │
│ admin::role                                          │
│ admin::passport                                      │
│ admin::token                                         │
│ admin::permission                                    │
│ admin::metrics                                       │
│ admin::content-type                                  │
│ admin::constants                                     │
│ admin::condition                                     │
│ admin::action                                        │
│ admin::api-token                                     │
│ admin::transfer                                      │
│ admin::project-settings                              │
│ admin::encryption                                    │
│ admin::homepage                                      │"
`;
