// Jest Snapshot v1, https://goo.gl/fbAQLP

exports[`Content Type Builder - Schema GET /content-type-builder/schema Get schema 1`] = `
{
  "components": {},
  "contentTypes": {
    "admin::api-token": {
      "attributes": [
        {
          "configurable": false,
          "minLength": 1,
          "name": "name",
          "required": true,
          "type": "string",
          "unique": true,
        },
        {
          "configurable": false,
          "default": "",
          "minLength": 1,
          "name": "description",
          "required": false,
          "type": "string",
        },
        {
          "configurable": false,
          "default": "read-only",
          "enum": [
            "read-only",
            "full-access",
            "custom",
          ],
          "name": "type",
          "required": true,
          "type": "enumeration",
        },
        {
          "configurable": false,
          "minLength": 1,
          "name": "accessKey",
          "required": true,
          "searchable": false,
          "type": "string",
        },
        {
          "configurable": false,
          "name": "lastUsedAt",
          "required": false,
          "type": "datetime",
        },
        {
          "configurable": false,
          "mappedBy": "token",
          "name": "permissions",
          "relation": "oneToMany",
          "required": false,
          "target": "admin::api-token-permission",
          "targetAttribute": "token",
          "type": "relation",
        },
        {
          "configurable": false,
          "name": "expiresAt",
          "required": false,
          "type": "datetime",
        },
        {
          "configurable": false,
          "name": "lifespan",
          "required": false,
          "type": "biginteger",
        },
      ],
      "collectionName": "strapi_api_tokens",
      "globalId": "AdminApiToken",
      "info": {
        "description": "",
        "displayName": "Api Token",
        "name": "Api Token",
        "pluralName": "api-tokens",
        "singularName": "api-token",
      },
      "kind": "collectionType",
      "modelName": "api-token",
      "modelType": "contentType",
      "options": {
        "draftAndPublish": false,
      },
      "plugin": "admin",
      "pluginOptions": {
        "content-manager": {
          "visible": false,
        },
        "content-type-builder": {
          "visible": false,
        },
      },
      "restrictRelationsTo": [],
      "uid": "admin::api-token",
      "visible": false,
    },
    "admin::api-token-permission": {
      "attributes": [
        {
          "configurable": false,
          "minLength": 1,
          "name": "action",
          "required": true,
          "type": "string",
        },
        {
          "configurable": false,
          "inversedBy": "permissions",
          "name": "token",
          "relation": "manyToOne",
          "target": "admin::api-token",
          "targetAttribute": "permissions",
          "type": "relation",
        },
      ],
      "collectionName": "strapi_api_token_permissions",
      "globalId": "AdminApiTokenPermission",
      "info": {
        "description": "",
        "displayName": "API Token Permission",
        "name": "API Token Permission",
        "pluralName": "api-token-permissions",
        "singularName": "api-token-permission",
      },
      "kind": "collectionType",
      "modelName": "api-token-permission",
      "modelType": "contentType",
      "options": {
        "draftAndPublish": false,
      },
      "plugin": "admin",
      "pluginOptions": {
        "content-manager": {
          "visible": false,
        },
        "content-type-builder": {
          "visible": false,
        },
      },
      "restrictRelationsTo": [],
      "uid": "admin::api-token-permission",
      "visible": false,
    },
    "admin::audit-log": {
      "attributes": [
        {
          "name": "action",
          "required": true,
          "type": "string",
        },
        {
          "name": "date",
          "required": true,
          "type": "datetime",
        },
        {
          "name": "user",
          "relation": "oneToOne",
          "target": "admin::user",
          "targetAttribute": null,
          "type": "relation",
        },
        {
          "name": "payload",
          "type": "json",
        },
      ],
      "collectionName": "strapi_audit_logs",
      "globalId": "AdminAuditLog",
      "info": {
        "displayName": "Audit Log",
        "pluralName": "audit-logs",
        "singularName": "audit-log",
      },
      "kind": "collectionType",
      "modelName": "audit-log",
      "modelType": "contentType",
      "options": {
        "draftAndPublish": false,
        "timestamps": false,
      },
      "plugin": "admin",
      "pluginOptions": {
        "content-manager": {
          "visible": false,
        },
        "content-type-builder": {
          "visible": false,
        },
      },
      "restrictRelationsTo": [],
      "uid": "admin::audit-log",
      "visible": false,
    },
    "admin::permission": {
      "attributes": [
        {
          "configurable": false,
          "minLength": 1,
          "name": "action",
          "required": true,
          "type": "string",
        },
        {
          "configurable": false,
          "default": {},
          "name": "actionParameters",
          "required": false,
          "type": "json",
        },
        {
          "configurable": false,
          "minLength": 1,
          "name": "subject",
          "required": false,
          "type": "string",
        },
        {
          "configurable": false,
          "default": {},
          "name": "properties",
          "required": false,
          "type": "json",
        },
        {
          "configurable": false,
          "default": [],
          "name": "conditions",
          "required": false,
          "type": "json",
        },
        {
          "configurable": false,
          "inversedBy": "permissions",
          "name": "role",
          "relation": "manyToOne",
          "target": "admin::role",
          "targetAttribute": "permissions",
          "type": "relation",
        },
      ],
      "collectionName": "admin_permissions",
      "globalId": "AdminPermission",
      "info": {
        "description": "",
        "displayName": "Permission",
        "name": "Permission",
        "pluralName": "permissions",
        "singularName": "permission",
      },
      "kind": "collectionType",
      "modelName": "permission",
      "modelType": "contentType",
      "options": {
        "draftAndPublish": false,
      },
      "plugin": "admin",
      "pluginOptions": {
        "content-manager": {
          "visible": false,
        },
        "content-type-builder": {
          "visible": false,
        },
      },
      "restrictRelationsTo": [],
      "uid": "admin::permission",
      "visible": false,
    },
    "admin::role": {
      "attributes": [
        {
          "configurable": false,
          "minLength": 1,
          "name": "name",
          "required": true,
          "type": "string",
          "unique": true,
        },
        {
          "configurable": false,
          "minLength": 1,
          "name": "code",
          "required": true,
          "type": "string",
          "unique": true,
        },
        {
          "configurable": false,
          "name": "description",
          "type": "string",
        },
        {
          "configurable": false,
          "mappedBy": "roles",
          "name": "users",
          "relation": "manyToMany",
          "target": "admin::user",
          "targetAttribute": "roles",
          "type": "relation",
        },
        {
          "configurable": false,
          "mappedBy": "role",
          "name": "permissions",
          "relation": "oneToMany",
          "target": "admin::permission",
          "targetAttribute": "role",
          "type": "relation",
        },
      ],
      "collectionName": "admin_roles",
      "globalId": "AdminRole",
      "info": {
        "description": "",
        "displayName": "Role",
        "name": "Role",
        "pluralName": "roles",
        "singularName": "role",
      },
      "kind": "collectionType",
      "modelName": "role",
      "modelType": "contentType",
      "options": {
        "draftAndPublish": false,
      },
      "plugin": "admin",
      "pluginOptions": {
        "content-manager": {
          "visible": false,
        },
        "content-type-builder": {
          "visible": false,
        },
      },
      "restrictRelationsTo": [],
      "uid": "admin::role",
      "visible": false,
    },
    "admin::transfer-token": {
      "attributes": [
        {
          "configurable": false,
          "minLength": 1,
          "name": "name",
          "required": true,
          "type": "string",
          "unique": true,
        },
        {
          "configurable": false,
          "default": "",
          "minLength": 1,
          "name": "description",
          "required": false,
          "type": "string",
        },
        {
          "configurable": false,
          "minLength": 1,
          "name": "accessKey",
          "required": true,
          "type": "string",
        },
        {
          "configurable": false,
          "name": "lastUsedAt",
          "required": false,
          "type": "datetime",
        },
        {
          "configurable": false,
          "mappedBy": "token",
          "name": "permissions",
          "relation": "oneToMany",
          "required": false,
          "target": "admin::transfer-token-permission",
          "targetAttribute": "token",
          "type": "relation",
        },
        {
          "configurable": false,
          "name": "expiresAt",
          "required": false,
          "type": "datetime",
        },
        {
          "configurable": false,
          "name": "lifespan",
          "required": false,
          "type": "biginteger",
        },
      ],
      "collectionName": "strapi_transfer_tokens",
      "globalId": "AdminTransferToken",
      "info": {
        "description": "",
        "displayName": "Transfer Token",
        "name": "Transfer Token",
        "pluralName": "transfer-tokens",
        "singularName": "transfer-token",
      },
      "kind": "collectionType",
      "modelName": "transfer-token",
      "modelType": "contentType",
      "options": {
        "draftAndPublish": false,
      },
      "plugin": "admin",
      "pluginOptions": {
        "content-manager": {
          "visible": false,
        },
        "content-type-builder": {
          "visible": false,
        },
      },
      "restrictRelationsTo": [],
      "uid": "admin::transfer-token",
      "visible": false,
    },
    "admin::transfer-token-permission": {
      "attributes": [
        {
          "configurable": false,
          "minLength": 1,
          "name": "action",
          "required": true,
          "type": "string",
        },
        {
          "configurable": false,
          "inversedBy": "permissions",
          "name": "token",
          "relation": "manyToOne",
          "target": "admin::transfer-token",
          "targetAttribute": "permissions",
          "type": "relation",
        },
      ],
      "collectionName": "strapi_transfer_token_permissions",
      "globalId": "AdminTransferTokenPermission",
      "info": {
        "description": "",
        "displayName": "Transfer Token Permission",
        "name": "Transfer Token Permission",
        "pluralName": "transfer-token-permissions",
        "singularName": "transfer-token-permission",
      },
      "kind": "collectionType",
      "modelName": "transfer-token-permission",
      "modelType": "contentType",
      "options": {
        "draftAndPublish": false,
      },
      "plugin": "admin",
      "pluginOptions": {
        "content-manager": {
          "visible": false,
        },
        "content-type-builder": {
          "visible": false,
        },
      },
      "restrictRelationsTo": [],
      "uid": "admin::transfer-token-permission",
      "visible": false,
    },
    "admin::user": {
      "attributes": [
        {
          "configurable": false,
          "minLength": 1,
          "name": "firstname",
          "required": false,
          "type": "string",
          "unique": false,
        },
        {
          "configurable": false,
          "minLength": 1,
          "name": "lastname",
          "required": false,
          "type": "string",
          "unique": false,
        },
        {
          "configurable": false,
          "name": "username",
          "required": false,
          "type": "string",
          "unique": false,
        },
        {
          "configurable": false,
          "minLength": 6,
          "name": "email",
          "private": true,
          "required": true,
          "type": "email",
          "unique": true,
        },
        {
          "configurable": false,
          "minLength": 6,
          "name": "password",
          "private": true,
          "required": false,
          "searchable": false,
          "type": "password",
        },
        {
          "configurable": false,
          "name": "resetPasswordToken",
          "private": true,
          "searchable": false,
          "type": "string",
        },
        {
          "configurable": false,
          "name": "registrationToken",
          "private": true,
          "searchable": false,
          "type": "string",
        },
        {
          "configurable": false,
          "default": false,
          "name": "isActive",
          "private": true,
          "type": "boolean",
        },
        {
          "collectionName": "strapi_users_roles",
          "configurable": false,
          "inversedBy": "users",
          "name": "roles",
          "private": true,
          "relation": "manyToMany",
          "target": "admin::role",
          "targetAttribute": "users",
          "type": "relation",
        },
        {
          "configurable": false,
          "default": false,
          "name": "blocked",
          "private": true,
          "type": "boolean",
        },
        {
          "configurable": false,
          "name": "preferedLanguage",
          "required": false,
          "searchable": false,
          "type": "string",
        },
      ],
      "collectionName": "admin_users",
      "globalId": "AdminUser",
      "info": {
        "description": "",
        "displayName": "User",
        "name": "User",
        "pluralName": "users",
        "singularName": "user",
      },
      "kind": "collectionType",
      "modelName": "user",
      "modelType": "contentType",
      "options": {
        "draftAndPublish": false,
      },
      "plugin": "admin",
      "pluginOptions": {
        "content-manager": {
          "visible": false,
        },
        "content-type-builder": {
          "visible": false,
        },
      },
      "restrictRelationsTo": [
        "oneWay",
        "manyWay",
      ],
      "uid": "admin::user",
      "visible": false,
    },
    "plugin::content-releases.release": {
      "attributes": [
        {
          "name": "name",
          "required": true,
          "type": "string",
        },
        {
          "name": "releasedAt",
          "type": "datetime",
        },
        {
          "name": "scheduledAt",
          "type": "datetime",
        },
        {
          "name": "timezone",
          "type": "string",
        },
        {
          "enum": [
            "ready",
            "blocked",
            "failed",
            "done",
            "empty",
          ],
          "name": "status",
          "required": true,
          "type": "enumeration",
        },
        {
          "mappedBy": "release",
          "name": "actions",
          "relation": "oneToMany",
          "target": "plugin::content-releases.release-action",
          "targetAttribute": "release",
          "type": "relation",
        },
      ],
      "collectionName": "strapi_releases",
      "globalId": "ContentReleasesRelease",
      "info": {
        "displayName": "Release",
        "pluralName": "releases",
        "singularName": "release",
      },
      "kind": "collectionType",
      "modelName": "release",
      "modelType": "contentType",
      "options": {
        "draftAndPublish": false,
      },
      "plugin": "content-releases",
      "pluginOptions": {
        "content-manager": {
          "visible": false,
        },
        "content-type-builder": {
          "visible": false,
        },
      },
      "restrictRelationsTo": [],
      "uid": "plugin::content-releases.release",
      "visible": false,
    },
    "plugin::content-releases.release-action": {
      "attributes": [
        {
          "enum": [
            "publish",
            "unpublish",
          ],
          "name": "type",
          "required": true,
          "type": "enumeration",
        },
        {
          "name": "contentType",
          "required": true,
          "type": "string",
        },
        {
          "name": "entryDocumentId",
          "type": "string",
        },
        {
          "inversedBy": "actions",
          "name": "release",
          "relation": "manyToOne",
          "target": "plugin::content-releases.release",
          "targetAttribute": "actions",
          "type": "relation",
        },
        {
          "name": "isEntryValid",
          "type": "boolean",
        },
      ],
      "collectionName": "strapi_release_actions",
      "globalId": "ContentReleasesReleaseAction",
      "info": {
        "displayName": "Release Action",
        "pluralName": "release-actions",
        "singularName": "release-action",
      },
      "kind": "collectionType",
      "modelName": "release-action",
      "modelType": "contentType",
      "options": {
        "draftAndPublish": false,
      },
      "plugin": "content-releases",
      "pluginOptions": {
        "content-manager": {
          "visible": false,
        },
        "content-type-builder": {
          "visible": false,
        },
      },
      "restrictRelationsTo": [],
      "uid": "plugin::content-releases.release-action",
      "visible": false,
    },
    "plugin::i18n.locale": {
      "attributes": [
        {
          "configurable": false,
          "max": 50,
          "min": 1,
          "name": "name",
          "type": "string",
        },
        {
          "configurable": false,
          "name": "code",
          "type": "string",
          "unique": true,
        },
      ],
      "collectionName": "i18n_locale",
      "globalId": "I18NLocale",
      "info": {
        "collectionName": "locales",
        "description": "",
        "displayName": "Locale",
        "pluralName": "locales",
        "singularName": "locale",
      },
      "kind": "collectionType",
      "modelName": "locale",
      "modelType": "contentType",
      "options": {
        "draftAndPublish": false,
      },
      "plugin": "i18n",
      "pluginOptions": {
        "content-manager": {
          "visible": false,
        },
        "content-type-builder": {
          "visible": false,
        },
      },
      "restrictRelationsTo": [],
      "uid": "plugin::i18n.locale",
      "visible": false,
    },
    "plugin::review-workflows.workflow": {
      "attributes": [
        {
          "name": "name",
          "required": true,
          "type": "string",
          "unique": true,
        },
        {
          "mappedBy": "workflow",
          "name": "stages",
          "relation": "oneToMany",
          "target": "plugin::review-workflows.workflow-stage",
          "targetAttribute": "workflow",
          "type": "relation",
        },
        {
          "name": "stageRequiredToPublish",
          "relation": "oneToOne",
          "required": false,
          "target": "plugin::review-workflows.workflow-stage",
          "targetAttribute": null,
          "type": "relation",
        },
        {
          "default": "[]",
          "name": "contentTypes",
          "required": true,
          "type": "json",
        },
      ],
      "collectionName": "strapi_workflows",
      "globalId": "ReviewWorkflowsWorkflow",
      "info": {
        "description": "",
        "displayName": "Workflow",
        "name": "Workflow",
        "pluralName": "workflows",
        "singularName": "workflow",
      },
      "kind": "collectionType",
      "modelName": "workflow",
      "modelType": "contentType",
      "options": {
        "draftAndPublish": false,
      },
      "plugin": "review-workflows",
      "pluginOptions": {
        "content-manager": {
          "visible": false,
        },
        "content-type-builder": {
          "visible": false,
        },
      },
      "restrictRelationsTo": [],
      "uid": "plugin::review-workflows.workflow",
      "visible": false,
    },
    "plugin::review-workflows.workflow-stage": {
      "attributes": [
        {
          "configurable": false,
          "name": "name",
          "type": "string",
        },
        {
          "configurable": false,
          "default": "#4945FF",
          "name": "color",
          "type": "string",
        },
        {
          "configurable": false,
          "inversedBy": "stages",
          "name": "workflow",
          "relation": "manyToOne",
          "target": "plugin::review-workflows.workflow",
          "targetAttribute": "stages",
          "type": "relation",
        },
        {
          "configurable": false,
          "name": "permissions",
          "relation": "manyToMany",
          "target": "admin::permission",
          "targetAttribute": null,
          "type": "relation",
        },
      ],
      "collectionName": "strapi_workflows_stages",
      "globalId": "ReviewWorkflowsWorkflowStage",
      "info": {
        "description": "",
        "displayName": "Stages",
        "name": "Workflow Stage",
        "pluralName": "workflow-stages",
        "singularName": "workflow-stage",
      },
      "kind": "collectionType",
      "modelName": "workflow-stage",
      "modelType": "contentType",
      "options": {
        "draftAndPublish": false,
        "version": "1.1.0",
      },
      "plugin": "review-workflows",
      "pluginOptions": {
        "content-manager": {
          "visible": false,
        },
        "content-type-builder": {
          "visible": false,
        },
      },
      "restrictRelationsTo": [],
      "uid": "plugin::review-workflows.workflow-stage",
      "visible": false,
    },
    "plugin::upload.file": {
      "attributes": [
        {
          "configurable": false,
          "name": "name",
          "required": true,
          "type": "string",
        },
        {
          "configurable": false,
          "name": "alternativeText",
          "type": "string",
        },
        {
          "configurable": false,
          "name": "caption",
          "type": "string",
        },
        {
          "configurable": false,
          "name": "width",
          "type": "integer",
        },
        {
          "configurable": false,
          "name": "height",
          "type": "integer",
        },
        {
          "configurable": false,
          "name": "formats",
          "type": "json",
        },
        {
          "configurable": false,
          "name": "hash",
          "required": true,
          "type": "string",
        },
        {
          "configurable": false,
          "name": "ext",
          "type": "string",
        },
        {
          "configurable": false,
          "name": "mime",
          "required": true,
          "type": "string",
        },
        {
          "configurable": false,
          "name": "size",
          "required": true,
          "type": "decimal",
        },
        {
          "configurable": false,
          "name": "url",
          "required": true,
          "type": "string",
        },
        {
          "configurable": false,
          "name": "previewUrl",
          "type": "string",
        },
        {
          "configurable": false,
          "name": "provider",
          "required": true,
          "type": "string",
        },
        {
          "configurable": false,
          "name": "provider_metadata",
          "type": "json",
        },
        {
          "configurable": false,
          "name": "related",
          "relation": "morphToMany",
          "targetAttribute": null,
          "type": "relation",
        },
        {
          "inversedBy": "files",
          "name": "folder",
          "private": true,
          "relation": "manyToOne",
          "target": "plugin::upload.folder",
          "targetAttribute": "files",
          "type": "relation",
        },
        {
          "minLength": 1,
          "name": "folderPath",
          "private": true,
          "required": true,
          "searchable": false,
          "type": "string",
        },
      ],
      "collectionName": "files",
      "globalId": "UploadFile",
      "info": {
        "description": "",
        "displayName": "File",
        "pluralName": "files",
        "singularName": "file",
      },
      "kind": "collectionType",
      "modelName": "file",
      "modelType": "contentType",
      "options": {
        "draftAndPublish": false,
      },
      "plugin": "upload",
      "pluginOptions": {
        "content-manager": {
          "visible": false,
        },
        "content-type-builder": {
          "visible": false,
        },
      },
      "restrictRelationsTo": [],
      "uid": "plugin::upload.file",
      "visible": false,
    },
    "plugin::upload.folder": {
      "attributes": [
        {
          "minLength": 1,
          "name": "name",
          "required": true,
          "type": "string",
        },
        {
          "name": "pathId",
          "required": true,
          "type": "integer",
          "unique": true,
        },
        {
          "inversedBy": "children",
          "name": "parent",
          "relation": "manyToOne",
          "target": "plugin::upload.folder",
          "targetAttribute": "children",
          "type": "relation",
        },
        {
          "mappedBy": "parent",
          "name": "children",
          "relation": "oneToMany",
          "target": "plugin::upload.folder",
          "targetAttribute": "parent",
          "type": "relation",
        },
        {
          "mappedBy": "folder",
          "name": "files",
          "relation": "oneToMany",
          "target": "plugin::upload.file",
          "targetAttribute": "folder",
          "type": "relation",
        },
        {
          "minLength": 1,
          "name": "path",
          "required": true,
          "type": "string",
        },
      ],
      "collectionName": "upload_folders",
      "globalId": "UploadFolder",
      "info": {
        "displayName": "Folder",
        "pluralName": "folders",
        "singularName": "folder",
      },
      "kind": "collectionType",
      "modelName": "folder",
      "modelType": "contentType",
      "options": {
        "draftAndPublish": false,
      },
      "plugin": "upload",
      "pluginOptions": {
        "content-manager": {
          "visible": false,
        },
        "content-type-builder": {
          "visible": false,
        },
      },
      "restrictRelationsTo": [],
      "uid": "plugin::upload.folder",
      "visible": false,
    },
    "plugin::users-permissions.permission": {
      "attributes": [
        {
          "configurable": false,
          "name": "action",
          "required": true,
          "type": "string",
        },
        {
          "configurable": false,
          "inversedBy": "permissions",
          "name": "role",
          "relation": "manyToOne",
          "target": "plugin::users-permissions.role",
          "targetAttribute": "permissions",
          "type": "relation",
        },
      ],
      "collectionName": "up_permissions",
      "globalId": "UsersPermissionsPermission",
      "info": {
        "description": "",
        "displayName": "Permission",
        "name": "permission",
        "pluralName": "permissions",
        "singularName": "permission",
      },
      "kind": "collectionType",
      "modelName": "permission",
      "modelType": "contentType",
      "options": {
        "draftAndPublish": false,
      },
      "plugin": "users-permissions",
      "pluginOptions": {
        "content-manager": {
          "visible": false,
        },
        "content-type-builder": {
          "visible": false,
        },
      },
      "restrictRelationsTo": [],
      "uid": "plugin::users-permissions.permission",
      "visible": false,
    },
    "plugin::users-permissions.role": {
      "attributes": [
        {
          "configurable": false,
          "minLength": 3,
          "name": "name",
          "required": true,
          "type": "string",
        },
        {
          "configurable": false,
          "name": "description",
          "type": "string",
        },
        {
          "configurable": false,
          "name": "type",
          "type": "string",
          "unique": true,
        },
        {
          "configurable": false,
          "mappedBy": "role",
          "name": "permissions",
          "relation": "oneToMany",
          "target": "plugin::users-permissions.permission",
          "targetAttribute": "role",
          "type": "relation",
        },
        {
          "configurable": false,
          "mappedBy": "role",
          "name": "users",
          "relation": "oneToMany",
          "target": "plugin::users-permissions.user",
          "targetAttribute": "role",
          "type": "relation",
        },
      ],
      "collectionName": "up_roles",
      "globalId": "UsersPermissionsRole",
      "info": {
        "description": "",
        "displayName": "Role",
        "name": "role",
        "pluralName": "roles",
        "singularName": "role",
      },
      "kind": "collectionType",
      "modelName": "role",
      "modelType": "contentType",
      "options": {
        "draftAndPublish": false,
      },
      "plugin": "users-permissions",
      "pluginOptions": {
        "content-manager": {
          "visible": false,
        },
        "content-type-builder": {
          "visible": false,
        },
      },
      "restrictRelationsTo": [],
      "uid": "plugin::users-permissions.role",
      "visible": false,
    },
    "plugin::users-permissions.user": {
      "attributes": [
        {
          "configurable": false,
          "minLength": 3,
          "name": "username",
          "required": true,
          "type": "string",
          "unique": true,
        },
        {
          "configurable": false,
          "minLength": 6,
          "name": "email",
          "required": true,
          "type": "email",
        },
        {
          "configurable": false,
          "name": "provider",
          "type": "string",
        },
        {
          "configurable": false,
          "minLength": 6,
          "name": "password",
          "private": true,
          "searchable": false,
          "type": "password",
        },
        {
          "configurable": false,
          "name": "resetPasswordToken",
          "private": true,
          "searchable": false,
          "type": "string",
        },
        {
          "configurable": false,
          "name": "confirmationToken",
          "private": true,
          "searchable": false,
          "type": "string",
        },
        {
          "configurable": false,
          "default": false,
          "name": "confirmed",
          "type": "boolean",
        },
        {
          "configurable": false,
          "default": false,
          "name": "blocked",
          "type": "boolean",
        },
        {
          "configurable": false,
          "inversedBy": "users",
          "name": "role",
          "relation": "manyToOne",
          "target": "plugin::users-permissions.role",
          "targetAttribute": "users",
          "type": "relation",
        },
      ],
      "collectionName": "up_users",
      "globalId": "UsersPermissionsUser",
      "info": {
        "description": "",
        "displayName": "User",
        "name": "user",
        "pluralName": "users",
        "singularName": "user",
      },
      "kind": "collectionType",
      "modelName": "user",
      "modelType": "contentType",
      "options": {
        "draftAndPublish": false,
        "timestamps": true,
      },
      "plugin": "users-permissions",
      "restrictRelationsTo": null,
      "uid": "plugin::users-permissions.user",
      "visible": true,
    },
  },
}
`;
